---
source: tests/snapshot_tabs.rs
expression: "common::render_model(&model)"
---
"┌ Flightdeck ──────────────────────────────────────────────────────────────────────────────────────────────────────────────────────────────────────────────────────────────────────────────────────────┐"
"│ Flightdeck   session demo-mixed  ·  Master pi at /repo/demo  ·  daemon: file-mode  ·  uptime 2h25m  ·  Adhoc 1 · Issue 1 · Workflow 1  ·  4m old  $0.00 · 0 turns · in 0 / out 0              moon ▾ │"
"└──────────────────────────────────────────────────────────────────────────────────────────────────────────────────────────────────────────────────────────────────────────────────────────────────────┘"
"┌ tabs ────────────────────────────────────────────────────────────────────────────────────────────────────────────────────────────────────────────────────────────────────────────────────────────────┐"
"│ Overview │ Live feed │ Conversations │ Conflicts & merges (issue mode) │ Decisions │ Costs │ Daemon                                                                                                  │"
"└──────────────────────────────────────────────────────────────────────────────────────────────────────────────────────────────────────────────────────────────────────────────────────────────────────┘"
"┌ activity feed · 6 rows · noise hidden ───────────────────────────────────────────────────────────────────────────────────────────────────────────────────────────────────────────────────────────────┐"
"│Time     Source    !  Message                                                                                                                                                                         │"
"│—        NOISE     ·  1 heartbeat/noise events folded · press Ctrl+N to show.                                                                                                                         │"
"│03:09:55 ERR       ●  adapter timeout recovered                                                                                                                                                       │"
"│03:09:56 DECISION  ●  decision recorded: YES                                                                                                                                                          │"
"│03:09:57 STATE     •  ISS-7 state changed ready → prompting                                                                                                                                           │"
"│03:09:58 PROMPT    ●  prompt detected: merge-now                                                                                                                                                      │"
"│03:09:59 WAKE      •  wake delivered to master                                                                                                                                                        │"
"│                                                                                                                                                                                                      │"
"│                                                                                                                                                                                                      │"
"│                                                                                                                                                                                                      │"
"│                                                                                                                                                                                                      │"
"│                                                                                                                                                                                                      │"
"│                                                                                                                                                                                                      │"
"│                                                                                                                                                                                                      │"
"│                                                                                                                                                                                                      │"
"│                                                                                                                                                                                                      │"
"│                                                                                                                                                                                                      │"
"│                                                                                                                                                                                                      │"
"│                                                                                                                                                                                                      │"
"│                                                                                                                                                                                                      │"
"│                                                                                                                                                                                                      │"
"│                                                                                                                                                                                                      │"
"│                                                                                                                                                                                                      │"
"│                                                                                                                                                                                                      │"
"│                                                                                                                                                                                                      │"
"│                                                                                                                                                                                                      │"
"│                                                                                                                                                                                                      │"
"│                                                                                                                                                                                                      │"
"│                                                                                                                                                                                                      │"
"│                                                                                                                                                                                                      │"
"│                                                                                                                                                                                                      │"
"│                                                                                                                                                                                                      │"
"│                                                                                                                                                                                                      │"
"│                                                                                                                                                                                                      │"
"│                                                                                                                                                                                                      │"
"│                                                                                                                                                                                                      │"
"│                                                                                                                                                                                                      │"
"│                                                                                                                                                                                                      │"
"│                                                                                                                                                                                                      │"
"│                                                                                                                                                                                                      │"
"│                                                                                                                                                                                                      │"
"│                                                                                                                                                                                                      │"
"│                                                                                                                                                                                                      │"
"│                                                                                                                                                                                                      │"
"│                                                                                                                                                                                                      │"
"│                                                                                                                                                                                                      │"
"│                                                                                                                                                                                                      │"
"│                                                                                                                                                                                                      │"
"│                                                                                                                                                                                                      │"
"│                                                                                                                                                                                                      │"
"└──────────────────────────────────────────────────────────────────────────────────────────────────────────────────────────────────────────────────────────────────────────────────────────────────────┘"
" ↹ tabs   j/k or ↑/↓ select   ⏎ detail   D prune   g focus   / filter   ⇧M compact   ? help   q quit                                                                       noise: hidden  ·  filter: off"
"                                                                                                                                                                                                        "
